// Jest Snapshot v1, https://goo.gl/fbAQLP

exports[`GET / should show the portal home page when no user present 1`] = `
"
<!DOCTYPE html>
<html lang="en">
    
	<head>
		<meta charset="utf-8">
		<meta name="viewport" content="width=device-width, initial-scale=1">
        <meta name="description" content="Faultifier - a ticket handling admin service.">
        <meta name="theme-color" content="blue">
		<title>Home - Faultifier</title>
		<link rel="stylesheet" type="text/css" href="/main.css">
	</head>

    <div class="flex flex-col h-screen justify-between overflow-hidden">
        <nav class="flex items-center justify-between flex-wrap bg-gray-100 p-6">
    <div class="flex items-center flex-shrink-0 text-picton-blue-600 mr-6">
        <a href="/"><span class="font-bold text-xl tracking-tight font-sans">FAULTIFIER</span></a>
    </div>
    
    
</nav>

        <body class="bg-gradient-to-tr from-picton-blue-600 to-yellow-500 overflow-hidden">
            <main>
<div class="text-center text-white py-20 px-6">
    <h1 class="text-5xl font-bold mt-0 mb-6">Welcome to the Faultifier ticket portal</h1>
    <h2 class="text-md font-semibold mb-8">to view, create, delete tickets, you must have an account</h2>
	<a class="inline-block px-6 py-2.5 bg-picton-blue-800 text-white font-bold text-xs leading-tight uppercase rounded shadow-md hover:bg-picton-blue-700 hover:shadow-lg focus:bg-picton-blue-900 focus:shadow-lg focus:outline-none focus:ring-0 active:bg-picton-blue-900 active:shadow-lg transition duration-150 ease-in-out" data-mdb-ripple="true" data-mdb-ripple-color="light" href="/login" role="button">Sign in</a>
    <p class="inline px-5"> or </p>
    <a class="inline-block px-6 py-2.5 bg-picton-blue-800 text-white font-bold text-xs leading-tight uppercase rounded shadow-md hover:bg-picton-blue-700 hover:shadow-lg focus:bg-picton-blue-900 focus:shadow-lg focus:outline-none focus:ring-0 active:bg-picton-blue-900 active:shadow-lg transition duration-150 ease-in-out" data-mdb-ripple="true" data-mdb-ripple-color="light" href="/signup" role="button">Sign up</a>
</div>
</main>
        </body>

        
        <footer class="lg:text-left bg-gray-100 text-gray-600">
            <div class="text-center p-6">
                <span>Â© 2023 </span>
                <a class="text-gray-600 font-semibold" href="https://github.com/WORTI3">Wortie</a>
            </div>
        </footer>
    </div>
</html>"
`;
