// Jest Snapshot v1, https://goo.gl/fbAQLP

exports[`errorHandler production errors should not set locals error in production environment 1`] = `
"<!DOCTYPE html>
<html lang="en">
<head>
<meta charset="utf-8">
<title>Error</title>
</head>
<body>
<pre>Internal Server Error</pre>
</body>
</html>
"
`;

exports[`errorHandler production errors should respond with error message and status 500 1`] = `
"<!DOCTYPE html>
<html lang="en">
<head>
<meta charset="utf-8">
<title>Error</title>
</head>
<body>
<pre>Internal Server Error</pre>
</body>
</html>
"
`;

exports[`errorHandler test errors should respond with error message and status 500 1`] = `
"<!DOCTYPE html>
<html lang="en">
<head>
<meta charset="utf-8">
<title>Error</title>
</head>
<body>
<pre>Error: Test error message<br> &nbsp; &nbsp;at /Users/arcwo/projects/uni-app-project-v2/tests/app.test.ts:66:14<br> &nbsp; &nbsp;at Layer.handle [as handle_request] (/Users/arcwo/projects/uni-app-project-v2/node_modules/express/lib/router/layer.js:95:5)<br> &nbsp; &nbsp;at trim_prefix (/Users/arcwo/projects/uni-app-project-v2/node_modules/express/lib/router/index.js:328:13)<br> &nbsp; &nbsp;at /Users/arcwo/projects/uni-app-project-v2/node_modules/express/lib/router/index.js:286:9<br> &nbsp; &nbsp;at Function.process_params (/Users/arcwo/projects/uni-app-project-v2/node_modules/express/lib/router/index.js:346:12)<br> &nbsp; &nbsp;at next (/Users/arcwo/projects/uni-app-project-v2/node_modules/express/lib/router/index.js:280:10)<br> &nbsp; &nbsp;at Layer.handle [as handle_request] (/Users/arcwo/projects/uni-app-project-v2/node_modules/express/lib/router/layer.js:91:12)<br> &nbsp; &nbsp;at trim_prefix (/Users/arcwo/projects/uni-app-project-v2/node_modules/express/lib/router/index.js:328:13)<br> &nbsp; &nbsp;at /Users/arcwo/projects/uni-app-project-v2/node_modules/express/lib/router/index.js:286:9<br> &nbsp; &nbsp;at Function.process_params (/Users/arcwo/projects/uni-app-project-v2/node_modules/express/lib/router/index.js:346:12)<br> &nbsp; &nbsp;at next (/Users/arcwo/projects/uni-app-project-v2/node_modules/express/lib/router/index.js:280:10)<br> &nbsp; &nbsp;at expressInit (/Users/arcwo/projects/uni-app-project-v2/node_modules/express/lib/middleware/init.js:40:5)<br> &nbsp; &nbsp;at Layer.handle [as handle_request] (/Users/arcwo/projects/uni-app-project-v2/node_modules/express/lib/router/layer.js:95:5)<br> &nbsp; &nbsp;at trim_prefix (/Users/arcwo/projects/uni-app-project-v2/node_modules/express/lib/router/index.js:328:13)<br> &nbsp; &nbsp;at /Users/arcwo/projects/uni-app-project-v2/node_modules/express/lib/router/index.js:286:9<br> &nbsp; &nbsp;at Function.process_params (/Users/arcwo/projects/uni-app-project-v2/node_modules/express/lib/router/index.js:346:12)<br> &nbsp; &nbsp;at next (/Users/arcwo/projects/uni-app-project-v2/node_modules/express/lib/router/index.js:280:10)<br> &nbsp; &nbsp;at query (/Users/arcwo/projects/uni-app-project-v2/node_modules/express/lib/middleware/query.js:45:5)<br> &nbsp; &nbsp;at Layer.handle [as handle_request] (/Users/arcwo/projects/uni-app-project-v2/node_modules/express/lib/router/layer.js:95:5)<br> &nbsp; &nbsp;at trim_prefix (/Users/arcwo/projects/uni-app-project-v2/node_modules/express/lib/router/index.js:328:13)<br> &nbsp; &nbsp;at /Users/arcwo/projects/uni-app-project-v2/node_modules/express/lib/router/index.js:286:9<br> &nbsp; &nbsp;at Function.process_params (/Users/arcwo/projects/uni-app-project-v2/node_modules/express/lib/router/index.js:346:12)<br> &nbsp; &nbsp;at next (/Users/arcwo/projects/uni-app-project-v2/node_modules/express/lib/router/index.js:280:10)<br> &nbsp; &nbsp;at Function.handle (/Users/arcwo/projects/uni-app-project-v2/node_modules/express/lib/router/index.js:175:3)<br> &nbsp; &nbsp;at Function.handle (/Users/arcwo/projects/uni-app-project-v2/node_modules/express/lib/application.js:181:10)<br> &nbsp; &nbsp;at Server.app (/Users/arcwo/projects/uni-app-project-v2/node_modules/express/lib/express.js:39:9)<br> &nbsp; &nbsp;at Server.emit (node:events:514:28)<br> &nbsp; &nbsp;at parserOnIncoming (node:_http_server:1107:12)<br> &nbsp; &nbsp;at HTTPParser.parserOnHeadersComplete (node:_http_common:119:17)</pre>
</body>
</html>
"
`;

exports[`errorHandler test errors should set locals message and error in development environment 1`] = `
"<!DOCTYPE html>
<html lang="en">
<head>
<meta charset="utf-8">
<title>Error</title>
</head>
<body>
<pre>Error: Test error message<br> &nbsp; &nbsp;at /Users/arcwo/projects/uni-app-project-v2/tests/app.test.ts:66:14<br> &nbsp; &nbsp;at Layer.handle [as handle_request] (/Users/arcwo/projects/uni-app-project-v2/node_modules/express/lib/router/layer.js:95:5)<br> &nbsp; &nbsp;at trim_prefix (/Users/arcwo/projects/uni-app-project-v2/node_modules/express/lib/router/index.js:328:13)<br> &nbsp; &nbsp;at /Users/arcwo/projects/uni-app-project-v2/node_modules/express/lib/router/index.js:286:9<br> &nbsp; &nbsp;at Function.process_params (/Users/arcwo/projects/uni-app-project-v2/node_modules/express/lib/router/index.js:346:12)<br> &nbsp; &nbsp;at next (/Users/arcwo/projects/uni-app-project-v2/node_modules/express/lib/router/index.js:280:10)<br> &nbsp; &nbsp;at Layer.handle [as handle_request] (/Users/arcwo/projects/uni-app-project-v2/node_modules/express/lib/router/layer.js:91:12)<br> &nbsp; &nbsp;at trim_prefix (/Users/arcwo/projects/uni-app-project-v2/node_modules/express/lib/router/index.js:328:13)<br> &nbsp; &nbsp;at /Users/arcwo/projects/uni-app-project-v2/node_modules/express/lib/router/index.js:286:9<br> &nbsp; &nbsp;at Function.process_params (/Users/arcwo/projects/uni-app-project-v2/node_modules/express/lib/router/index.js:346:12)<br> &nbsp; &nbsp;at next (/Users/arcwo/projects/uni-app-project-v2/node_modules/express/lib/router/index.js:280:10)<br> &nbsp; &nbsp;at expressInit (/Users/arcwo/projects/uni-app-project-v2/node_modules/express/lib/middleware/init.js:40:5)<br> &nbsp; &nbsp;at Layer.handle [as handle_request] (/Users/arcwo/projects/uni-app-project-v2/node_modules/express/lib/router/layer.js:95:5)<br> &nbsp; &nbsp;at trim_prefix (/Users/arcwo/projects/uni-app-project-v2/node_modules/express/lib/router/index.js:328:13)<br> &nbsp; &nbsp;at /Users/arcwo/projects/uni-app-project-v2/node_modules/express/lib/router/index.js:286:9<br> &nbsp; &nbsp;at Function.process_params (/Users/arcwo/projects/uni-app-project-v2/node_modules/express/lib/router/index.js:346:12)<br> &nbsp; &nbsp;at next (/Users/arcwo/projects/uni-app-project-v2/node_modules/express/lib/router/index.js:280:10)<br> &nbsp; &nbsp;at query (/Users/arcwo/projects/uni-app-project-v2/node_modules/express/lib/middleware/query.js:45:5)<br> &nbsp; &nbsp;at Layer.handle [as handle_request] (/Users/arcwo/projects/uni-app-project-v2/node_modules/express/lib/router/layer.js:95:5)<br> &nbsp; &nbsp;at trim_prefix (/Users/arcwo/projects/uni-app-project-v2/node_modules/express/lib/router/index.js:328:13)<br> &nbsp; &nbsp;at /Users/arcwo/projects/uni-app-project-v2/node_modules/express/lib/router/index.js:286:9<br> &nbsp; &nbsp;at Function.process_params (/Users/arcwo/projects/uni-app-project-v2/node_modules/express/lib/router/index.js:346:12)<br> &nbsp; &nbsp;at next (/Users/arcwo/projects/uni-app-project-v2/node_modules/express/lib/router/index.js:280:10)<br> &nbsp; &nbsp;at Function.handle (/Users/arcwo/projects/uni-app-project-v2/node_modules/express/lib/router/index.js:175:3)<br> &nbsp; &nbsp;at Function.handle (/Users/arcwo/projects/uni-app-project-v2/node_modules/express/lib/application.js:181:10)<br> &nbsp; &nbsp;at Server.app (/Users/arcwo/projects/uni-app-project-v2/node_modules/express/lib/express.js:39:9)<br> &nbsp; &nbsp;at Server.emit (node:events:514:28)<br> &nbsp; &nbsp;at parserOnIncoming (node:_http_server:1107:12)<br> &nbsp; &nbsp;at HTTPParser.parserOnHeadersComplete (node:_http_common:119:17)</pre>
</body>
</html>
"
`;

exports[`handle 404 errors should render error template with status 404 for not found error 1`] = `
"
<!DOCTYPE html>
<html lang="en">
    
	<head>
		<meta charset="utf-8">
		<meta name="viewport" content="width=device-width, initial-scale=1">
        <meta name="description" content="Faultifier - a ticket handling admin service.">
        <meta name="theme-color" content="blue">
		<title> - Faultifier</title>
		<link rel="stylesheet" type="text/css" href="/main.css">
	</head>

    <div class="flex flex-col h-screen justify-between overflow-hidden">
        <nav class="flex items-center justify-between flex-wrap bg-gray-100 p-6">
    <div class="flex items-center flex-shrink-0 text-picton-blue-600 mr-6">
        <a href="/"><span class="font-bold text-xl tracking-tight font-sans">FAULTIFIER</span></a>
    </div>
    
    
</nav>

        <body class="bg-gradient-to-tr from-picton-blue-600 to-yellow-500 overflow-hidden">
            <main>

<div class="p-12 bg-white sm:mx-auto rounded-md w-1/2 max-sm:w-full max-sm:p-6">
  
  <h1 class="text-center">404</h1>
  <h2>Error: Not Found</h2>
  <p>Looks like the application has thrown an error</p>
  <p>Please try again later</p>
</div>
</main>
        </body>

        
        <footer class="lg:text-left bg-gray-100 text-gray-600">
            <div class="text-center p-6">
                <span>Â© 2023 </span>
                <a class="text-gray-600 font-semibold" href="https://github.com/WORTI3">Wortie</a>
            </div>
        </footer>
    </div>
</html>"
`;
